
> ecovida-residencial@0.1.0 build
> next build

node.exe : ÔÜá Warning: 
Next.js inferred your 
workspace root, but it 
may not be correct.
En C:\Program 
Files\nodejs\npm.ps1: 29 
Carácter: 3
+   & $NODE_EXE 
$NPM_CLI_JS $args
+   ~~~~~~~~~~~~~~~~~~~~~
~~~~~~~~
    + CategoryInfo       
       : NotSpecified:   
  (ÔÜá Warning: Ne...n   
 ot be correct.:Strin    
g) [], RemoteExcepti    
on
    + FullyQualifiedErro 
   rId : NativeCommandE  
  rror
 
 We detected multiple 
lockfiles and selected 
the directory of C:\Users
\sergi\package-lock.json 
as the root directory.
 To silence this 
warning, set 
`turbopack.root` in your 
Next.js config, or 
consider removing one of 
the lockfiles if it's 
not needed.
   See https://nextjs.org
/docs/app/api-reference/c
onfig/next-config-js/turb
opack#root-directory for 
more information.
 Detected additional 
lockfiles: 
   * C:\Users\sergi\Deskt
op\webpisos\ecovida-resid
encial\package-lock.json

Ôû▓ Next.js 16.1.6 (Turbopack)

  Creating an optimized production build ...
Error: Can't resolve 
'tailwindcss-animate' in 
'C:\Users\sergi\Desktop\w
ebpisos\ecovida-residenci
al\app'
    [2m[at 
finishWithoutResolve (C:\
Users\sergi\Desktop\webpi
sos\ecovida-residencial\n
ode_modules\enhanced-reso
lve\lib\Resolver.js:586:1
8)][0m
    [2m[at C:\Users\serg
i\Desktop\webpisos\ecovid
a-residencial\node_module
s\enhanced-resolve\lib\Re
solver.js:678:14][0m
    [2m[at C:\Users\serg
i\Desktop\webpisos\ecovid
a-residencial\node_module
s\enhanced-resolve\lib\Re
solver.js:739:5][0m
    [2m[at eval (eval 
at create (C:\Users\sergi
\Desktop\webpisos\ecovida
-residencial\node_modules
\tapable\lib\HookCodeFact
ory.js:31:10), 
<anonymous>:15:1)][0m
    [2m[at C:\Users\serg
i\Desktop\webpisos\ecovid
a-residencial\node_module
s\enhanced-resolve\lib\Re
solver.js:739:5][0m
    [2m[at eval (eval 
at create (C:\Users\sergi
\Desktop\webpisos\ecovida
-residencial\node_modules
\tapable\lib\HookCodeFact
ory.js:31:10), 
<anonymous>:27:1)][0m
    [2m[at C:\Users\serg
i\Desktop\webpisos\ecovid
a-residencial\node_module
s\enhanced-resolve\lib\De
scriptionFilePlugin.js:89
:43][0m
    [2m[at C:\Users\serg
i\Desktop\webpisos\ecovid
a-residencial\node_module
s\enhanced-resolve\lib\Re
solver.js:739:5][0m
    [2m[at eval (eval 
at create (C:\Users\sergi
\Desktop\webpisos\ecovida
-residencial\node_modules
\tapable\lib\HookCodeFact
ory.js:31:10), 
<anonymous>:15:1)][0m
    [2m[at C:\Users\serg
i\Desktop\webpisos\ecovid
a-residencial\node_module
s\enhanced-resolve\lib\Re
solver.js:739:5][0m {
  details: "resolve 
'tailwindcss-animate' in 
'C:\\Users\\sergi\\Deskto
p\\webpisos\\ecovida-resi
dencial\\app'\n" +
    '  Parsed request is 
a module\n' +
    '  using description 
file: C:\\Users\\sergi\\D
esktop\\webpisos\\ecovida
-residencial\\package.jso
n (relative path: 
./app)\n' +
    '    resolve as 
module\n' +
    "      C:\\Users\\ser
gi\\Desktop\\webpisos\\ec
ovida-residencial\\app\\n
ode_modules doesn't 
exist or is not a 
directory\n" +
    '      looking for 
modules in C:\\Users\\ser
gi\\Desktop\\webpisos\\ec
ovida-residencial\\node_m
odules\n' +
    '        single file 
module\n' +
    '          using 
description file: C:\\Use
rs\\sergi\\Desktop\\webpi
sos\\ecovida-residencial\
\package.json (relative 
path: ./node_modules/tail
windcss-animate)\n' +
    '            no 
extension\n' +
    "              C:\\Us
ers\\sergi\\Desktop\\webp
isos\\ecovida-residencial
\\node_modules\\tailwindc
ss-animate doesn't 
exist\n" +
    '            .js\n' +
    "              C:\\Us
ers\\sergi\\Desktop\\webp
isos\\ecovida-residencial
\\node_modules\\tailwindc
ss-animate.js doesn't 
exist\n" +
    '            
.json\n' +
    "              C:\\Us
ers\\sergi\\Desktop\\webp
isos\\ecovida-residencial
\\node_modules\\tailwindc
ss-animate.json doesn't 
exist\n" +
    '            
.node\n' +
    "              C:\\Us
ers\\sergi\\Desktop\\webp
isos\\ecovida-residencial
\\node_modules\\tailwindc
ss-animate.node doesn't 
exist\n" +
    '            .ts\n' +
    "              C:\\Us
ers\\sergi\\Desktop\\webp
isos\\ecovida-residencial
\\node_modules\\tailwindc
ss-animate.ts doesn't 
exist\n" +
    "        C:\\Users\\s
ergi\\Desktop\\webpisos\\
ecovida-residencial\\node
_modules\\tailwindcss-ani
mate doesn't exist\n" +
    "      C:\\Users\\ser
gi\\Desktop\\webpisos\\no
de_modules doesn't exist 
or is not a directory\n" 
+
    "      C:\\Users\\ser
gi\\Desktop\\node_modules
 doesn't exist or is not 
a directory\n" +
    "      C:\\Users\\ser
gi\\node_modules doesn't 
exist or is not a 
directory\n" +
    "      
C:\\Users\\node_modules 
doesn't exist or is not 
a directory\n" +
    "      
C:\\node_modules doesn't 
exist or is not a 
directory"
}
Turbopack build 
encountered 1 warnings:
./Desktop/webpisos/ecovid
a-residencial/tailwind.co
nfig.ts:69:13
Module not found: Can't 
resolve 
'tailwindcss-animate'
[0m [90m 67 |[39m     
}[33m,[39m
 [90m 68 |[39m   
}[33m,[39m
[31m[1m>[22m[39m[90m
 69 |[39m   
plugins[33m:[39m [requi
re([32m"tailwindcss-anim
ate"[39m)][33m,[39m
 [90m    |[39m         
    [31m[1m^[22m[39m
[31m[1m^[22m[39m[31m
[1m^[22m[39m[31m[1m^
[22m[39m[31m[1m^[22m
[39m[31m[1m^[22m[39m
[31m[1m^[22m[39m[31m
[1m^[22m[39m[31m[1m^
[22m[39m[31m[1m^[22m
[39m[31m[1m^[22m[39m
[31m[1m^[22m[39m[31m
[1m^[22m[39m[31m[1m^
[22m[39m[31m[1m^[22m
[39m[31m[1m^[22m[39m
[31m[1m^[22m[39m[31m
[1m^[22m[39m[31m[1m^
[22m[39m[31m[1m^[22m
[39m[31m[1m^[22m[39m
[31m[1m^[22m[39m[31m
[1m^[22m[39m[31m[1m^
[22m[39m[31m[1m^[22m
[39m[31m[1m^[22m[39m
[31m[1m^[22m[39m[31m
[1m^[22m[39m[31m[1m^
[22m[39m[31m[1m^[22m
[39m
 [90m 70 |[39m 
}[33m;[39m
 [90m 71 |[39m 
[36mexport[39m 
[36mdefault[39m 
config[33m;[39m
 [90m 72 |[39m[0m



https://nextjs.org/docs/m
essages/module-not-found



> Build error occurred
Error: Turbopack build 
failed with 1 errors:
./Desktop/webpisos/ecovid
a-residencial/app/globals
.css
Error evaluating Node.js 
code
CssSyntaxError: 
tailwindcss: C:\Users\ser
gi\Desktop\webpisos\ecovi
da-residencial\app\global
s.css:1:1: Can't resolve 
'tailwindcss-animate' in 
'C:\Users\sergi\Desktop\w
ebpisos\ecovida-residenci
al\app'
    at Input.error (Deskt
op/webpisos/ecovida-resid
encial/node_modules/postc
ss/lib/input.js:135:16) [
C:\Users\sergi\Desktop\we
bpisos\ecovida-residencia
l\.next\build\chunks\c699
a_3fc5a9c7._.js:4651:22]
    at Root.error (Deskto
p/webpisos/ecovida-reside
ncial/node_modules/postcs
s/lib/node.js:146:32) [C:
\Users\sergi\Desktop\webp
isos\ecovida-residencial\
.next\build\chunks\c699a_
3fc5a9c7._.js:928:38]
    [at Object.Once (C:\U
sers\sergi\Desktop\webpis
os\ecovida-residencial\no
de_modules\@tailwindcss\p
ostcss\dist\index.js:10:6
913)]
    at async 
LazyResult.runAsync (Desk
top/webpisos/ecovida-resi
dencial/node_modules/post
css/lib/lazy-result.js:29
3:11) [C:\Users\sergi\Des
ktop\webpisos\ecovida-res
idencial\.next\build\chun
ks\c699a_3fc5a9c7._.js:62
14:21]
    at async transform (t
urbopack:///[turbopack-no
de]/transforms/postcss.ts
:70:34) [C:\Users\sergi\D
esktop\webpisos\ecovida-r
esidencial\.next\build\ch
unks\[root-of-the-server]
__73b28da3._.js:146:36]
    at async run (turbopa
ck:///[turbopack-node]/ip
c/evaluate.ts:92:23) [C:\
Users\sergi\Desktop\webpi
sos\ecovida-residencial\.
next\build\chunks\[root-o
f-the-server]__e760e2c6._
.js:443:31]

Import trace:
  Client Component 
Browser:
    ./Desktop/webpisos/ec
ovida-residencial/app/glo
bals.css [Client 
Component Browser]
    ./Desktop/webpisos/ec
ovida-residencial/app/lay
out.tsx [Server 
Component]


    at async transform (t
urbopack:///[turbopack-no
de]/transforms/postcss.ts
:70:34) [C:\Users\sergi\D
esktop\webpisos\ecovida-r
esidencial\.next\build\ch
unks\[root-of-the-server]
__73b28da3._.js:146:36])
    at async run (turbopa
ck:///[turbopack-node]/ip
c/evaluate.ts:92:23) [C:\
Users\sergi\Desktop\webpi
sos\ecovida-residencial\.
next\build\chunks\[root-o
f-the-server]__e760e2c6._
.js:443:31])
